<html>
<body>
<pre>
<h1>µVision Build Log</h1>
<h2>Project:</h2>
C:\Users\khami\OneDrive\Documents\micro\demo.uvproj
Project File Date:  03/28/2025

<h2>Output:</h2>
assembling samenumbers.asm...
samenumbers.asm - 0 Error(s), 0 Warning(s).
Build target 'Target 1'
linking...
Program Size: Code=64 RO-data=0 RW-data=0 ZI-data=0  
"demo.axf" - 0 Error(s), 0 Warning(s).
Rebuild target 'Target 1'
assembling samenumbers.asm...
linking...
Program Size: Code=64 RO-data=0 RW-data=0 ZI-data=0  
"demo.axf" - 0 Error(s), 0 Warning(s).
assembling fib.asm...
fib.asm(1): error: A1207E: Bad or unknown attribute
fib.asm(2): error: A1186E: Code generated in data area
fib.asm(3): error: A1186E: Code generated in data area
fib.asm(4): error: A1186E: Code generated in data area
fib.asm(5): error: A1106E: Missing comma
fib.asm(6): error: A1186E: Code generated in data area
fib.asm(7): error: A1186E: Code generated in data area
fib.asm(8): error: A1186E: Code generated in data area
fib.asm(9): error: A1186E: Code generated in data area
fib.asm(10): error: A1186E: Code generated in data area
fib.asm(11): error: A1186E: Code generated in data area
fib.asm(12): error: A1186E: Code generated in data area
fib.asm(14): error: A1186E: Code generated in data area
fib.asm(15): error: A1163E: Unknown opcode data2,data,readwrite , expecting opcode or Macro
fib.asm(20): warning: A1447W: Missing END directive at end of file, but found a label named END
fib.asm - 14 Error(s), 1 Warning(s).
assembling fib.asm...
fib.asm(1): error: A1207E: Bad or unknown attribute
fib.asm(2): error: A1186E: Code generated in data area
fib.asm(3): error: A1186E: Code generated in data area
fib.asm(4): error: A1186E: Code generated in data area
fib.asm(5): error: A1106E: Missing comma
fib.asm(6): error: A1186E: Code generated in data area
fib.asm(7): error: A1186E: Code generated in data area
fib.asm(8): error: A1186E: Code generated in data area
fib.asm(9): error: A1186E: Code generated in data area
fib.asm(10): error: A1186E: Code generated in data area
fib.asm(11): error: A1186E: Code generated in data area
fib.asm(12): error: A1186E: Code generated in data area
fib.asm(14): error: A1186E: Code generated in data area
fib.asm(20): warning: A1447W: Missing END directive at end of file, but found a label named END
fib.asm - 13 Error(s), 1 Warning(s).
assembling fib.asm...
fib.asm(1): error: A1207E: Bad or unknown attribute
fib.asm(2): error: A1186E: Code generated in data area
fib.asm(3): error: A1186E: Code generated in data area
fib.asm(4): error: A1186E: Code generated in data area
fib.asm(5): error: A1106E: Missing comma
fib.asm(6): error: A1186E: Code generated in data area
fib.asm(7): error: A1186E: Code generated in data area
fib.asm(8): error: A1186E: Code generated in data area
fib.asm(9): error: A1186E: Code generated in data area
fib.asm(10): error: A1186E: Code generated in data area
fib.asm(11): error: A1186E: Code generated in data area
fib.asm(12): error: A1186E: Code generated in data area
fib.asm(14): error: A1186E: Code generated in data area
fib.asm - 13 Error(s), 0 Warning(s).
assembling fib.asm...
fib.asm(1): error: A1207E: Bad or unknown attribute
fib.asm(2): error: A1186E: Code generated in data area
fib.asm(3): error: A1186E: Code generated in data area
fib.asm(4): error: A1186E: Code generated in data area
fib.asm(5): error: A1106E: Missing comma
fib.asm(6): error: A1186E: Code generated in data area
fib.asm(7): error: A1186E: Code generated in data area
fib.asm(8): error: A1186E: Code generated in data area
fib.asm(9): error: A1186E: Code generated in data area
fib.asm(10): error: A1186E: Code generated in data area
fib.asm(11): error: A1186E: Code generated in data area
fib.asm(12): error: A1186E: Code generated in data area
fib.asm(13): error: A1186E: Code generated in data area
fib.asm(15): error: A1186E: Code generated in data area
fib.asm - 14 Error(s), 0 Warning(s).
assembling fib.asm...
fib.asm(1): error: A1207E: Bad or unknown attribute
fib.asm(2): error: A1186E: Code generated in data area
fib.asm(3): error: A1186E: Code generated in data area
fib.asm(4): error: A1186E: Code generated in data area
fib.asm(5): error: A1106E: Missing comma
fib.asm(6): error: A1186E: Code generated in data area
fib.asm(7): error: A1186E: Code generated in data area
fib.asm(8): error: A1186E: Code generated in data area
fib.asm(9): error: A1186E: Code generated in data area
fib.asm(10): error: A1186E: Code generated in data area
fib.asm(11): error: A1186E: Code generated in data area
fib.asm(12): error: A1186E: Code generated in data area
fib.asm(13): error: A1186E: Code generated in data area
fib.asm(14): error: A1186E: Code generated in data area
fib.asm - 14 Error(s), 0 Warning(s).
assembling fib.asm...
fib.asm(5): error: A1106E: Missing comma
fib.asm - 1 Error(s), 0 Warning(s).
assembling fib.asm...
fib.asm(5): error: A1106E: Missing comma
fib.asm(20): warning: A1447W: Missing END directive at end of file, but found a label named END
fib.asm - 1 Error(s), 1 Warning(s).
Build target 'Target 1'
assembling fib.asm...
fib.asm(5): error: A1106E: Missing comma
Target not created
Build target 'Target 1'
assembling fib.asm...
fib.asm(5): error: A1106E: Missing comma
Target not created
assembling fib.asm...
fib.asm(5): error: A1106E: Missing comma
fib.asm - 1 Error(s), 0 Warning(s).
Build target 'Target 1'
assembling fib.asm...
fib.asm(5): error: A1106E: Missing comma
Target not created
assembling fib.asm...
fib.asm - 0 Error(s), 0 Warning(s).
Build target 'Target 1'
linking...
Program Size: Code=56 RO-data=0 RW-data=4 ZI-data=0  
"demo.axf" - 0 Error(s), 0 Warning(s).
Rebuild target 'Target 1'
assembling fib.asm...
linking...
Program Size: Code=56 RO-data=0 RW-data=4 ZI-data=0  
"demo.axf" - 0 Error(s), 0 Warning(s).
assembling fib.asm...
fib.asm - 0 Error(s), 0 Warning(s).
assembling fib.asm...
fib.asm - 0 Error(s), 0 Warning(s).
Build target 'Target 1'
linking...
Program Size: Code=56 RO-data=0 RW-data=4 ZI-data=0  
"demo.axf" - 0 Error(s), 0 Warning(s).
Build target 'Target 1'
linking...
Program Size: Code=56 RO-data=0 RW-data=4 ZI-data=0  
"demo.axf" - 0 Error(s), 0 Warning(s).
Rebuild target 'Target 1'
assembling fib.asm...
linking...
Program Size: Code=56 RO-data=0 RW-data=4 ZI-data=0  
"demo.axf" - 0 Error(s), 0 Warning(s).
assembling fib.asm...
fib.asm(20): warning: A1447W: Missing END directive at end of file, but found a label named END
fib.asm - 0 Error(s), 1 Warning(s).
Build target 'Target 1'
linking...
Program Size: Code=56 RO-data=0 RW-data=4 ZI-data=0  
"demo.axf" - 0 Error(s), 0 Warning(s).
Rebuild target 'Target 1'
assembling fib.asm...
fib.asm(20): warning: A1447W: Missing END directive at end of file, but found a label named END
linking...
Program Size: Code=56 RO-data=0 RW-data=4 ZI-data=0  
"demo.axf" - 0 Error(s), 1 Warning(s).
assembling fib.asm...
fib.asm(20): warning: A1447W: Missing END directive at end of file, but found a label named END
fib.asm - 0 Error(s), 1 Warning(s).
Build target 'Target 1'
linking...
Program Size: Code=56 RO-data=0 RW-data=4 ZI-data=0  
"demo.axf" - 0 Error(s), 0 Warning(s).
Rebuild target 'Target 1'
assembling fib.asm...
fib.asm(20): warning: A1447W: Missing END directive at end of file, but found a label named END
linking...
Program Size: Code=56 RO-data=0 RW-data=4 ZI-data=0  
"demo.axf" - 0 Error(s), 1 Warning(s).
